[Ara.cat] L'estret d'Ormuz, la batalla decisiva
[Ara.cat] Amb alto el foc a l'Iran o sense, els estatunidencs continuen ofegats
[Ara.cat] Julián Álvarez marca el gol del Mundial per tornar a salvar l'Argentina
[Ara.cat] El foc d'Almeria continua actiu, però evoluciona favorablement
[Ara.cat] El primer guàrdia civil que va socórrer l’incendi d'Almeria: "Ens hi vam jugar la vida, per això ens paguen"
[Ara.cat] "El camp es recuperarà, però ells no tornaran. Els estimava"
[Ara.cat] Governar el bosc: el repte d'un model forestal privat mancat de recursos
[Ara.cat] Sense treva a Catalunya després d'una setmana d'incendis forestals
[Ara.cat] En mans del Suprem: els precedents que poden alentir l'amnistia a Puigdemont i Junqueras
[Ara.cat] El futur electoral de Puigdemont i Junqueras
[Ara.cat] El jutge que va formar part del govern de Sánchez i que ara ha impedit que la seva dona viatgi
[Ara.cat] "La família russa que ocupa casa nostra porta una vida modèlica"
[Ara.cat] L'exèrcit rus penetra un bastió clau de la defensa ucraïnesa
[Ara.cat] Anglaterra vol tancar una ferida que porta 60 anys oberta i ja és a les semifinals
[Ara.cat] El biaix de gènere de la ciència fa emmalaltir les dones
[Ara.cat] A les portes d'una nova onada de calor
[Ara.cat] Més mestres, nous equipaments i millora dels serveis
[Ara.cat] Un pressupost rècord de 13.840 milions per transformar el sistema de salut
[Ara.cat] "Tothom ens fa servir i ningú ens coneix"
[Ara.cat] "Són grans històries perquè tenen ressonàncies"
[Ara.cat] La família que converteix llençols de fa cent anys en vestits de núvia
[Ara.cat] 160 dies a l'any fora de casa per pura passió: "Sort que la família m'entén"
[Ara.cat] Com condicionen els impostos en la compra d'un pis?
[Ara.cat] Per què el quadre 'Milicià ferit' és irrecuperable?
[Ara.cat] Innovació arquitectònica: habitatge, espai públic i paisatge: les claus per transformar el territori
[Ara.cat] Naturgy amplia la seva presència internacional a Austràlia
[Ara.cat] El Carilló torna a sonar al Palau
[Ara.cat] Cau un grup especialitzat que robava motos a Barcelona
[Ara.cat] Una nit esperant el foc a Lubrín, un poble amenaçat pel tràgic incendi d'Almeria
[Ara.cat] Tragèdia a Almeria: almenys 12 morts i 23 desapareguts per un incendi de grans dimensions
[Ara.cat] M'he d'autoevacuar? Què fer si tens un incendi a prop
[Ara.cat] Descartat el cas sospitós de febre hemorràgica de Crimea-Congo a Catalunya
[Ara.cat] Els grans reptes de l'OTAN que deixa el xou de Trump
[Ara.cat] Trump ataca el 'New York Times' per haver informat sobre problemes de seguretat a l'Air Force One
[Ara.cat] La Turquia d'Erdogan: d'amiga de Putin a fàbrica d'armes de l'OTAN
[Ara.cat] "Si Europa vol ser un actor de pau i una potència econòmica, necessita els veïns del sud"
[Ara.cat] Israel, una polarització total
[Ara.cat] Sumar renova la direcció per tancar la crisi interna apostant per "aliances àmplies"
[Ara.cat] Quan necessites que Ayuso et doni la raó
[Ara.cat] Un 'ayuser' es posa al capdavant de les joventuts del PP
[Ara.cat] El Govern crearà aquest mes de juliol la nova direcció general en habitatge pactada amb Comuns
[Ara.cat] Hisenda envia per escrit la proposta del nou finançament a les autonomies: Catalunya rebria 4.686 milions d'euros més a l'any
[Ara.cat] Els treballadors d’Alemanya, França o Dinamarca assisteixen menys al seu lloc de treball que els espanyols
[Ara.cat] Absentisme i baixes, ¿error o agenda oculta del PP?
[Ara.cat] Les claus per entendre la crisi de Volkswagen
[Ara.cat] L’enquesta del CEO interpel·la Puigdemont
[Ara.cat] Amnistia, per a què? (1976)
[Ara.cat] "No hauria volgut anar al Batxillerat d'Excel·lència"
[Ara.cat] Dos advocats enamorats de Simenon fan reviure la seva obra en català
[Ara.cat] David Byrne torna a meravellar al Cruïlla
[Ara.cat] El so mundialista de Jovanotti fa ballar el Cruïlla
[Ara.cat] Juana Dolores Romero: "Estic a favor dels discursos d'odi"
[Ara.cat] Pilarín Bayés: “No he cuinat més que ous ferrats, macarrons i bistec. En aquesta vida només he après una cosa”
[Ara.cat] TV3 tanca el curs millorant quota, però amb La 1 més a prop
[Ara.cat] El secret que l'Argentina de Messi ha heretat de Maradona
[Ara.cat] El Mundial de Cubarsí
[Ara.cat] Mor als 25 anys Jayden Adams, futbolista que va disputar el Mundial amb Sud-àfrica
[Ara.cat] El petit país que mana a Wimbledon: Nosková s'imposa a la final femenina
[Ara.cat] Els germans Márquez regnen a Alemanya
[Ara.cat] De fit a fit
[Ara.cat] A la contra
[Ara.cat] Ara que no s'ofengui ningú
[Ara.cat] La vinyeta
[Ara.cat] Exposició permanent (3)
[Ara.cat] El paisatge és qui habita la casa
[Ara.cat] 'Blade runner': encara sort que vam començar a separar el rebuig i l'orgànica
[Ara.cat] El vestit de Taylor Swift i el negoci de l'espera
[Ara.cat] Havaianas, o com facturar 741 milions d’euros venent xancletes
[Ara.cat] Mèxic aposta fort pels trens
[Ara.cat] ¿De quina marca eren el texans de Freddie Mercury al Live Aids?
[Ara.cat] No m'agrada el meu cos
[Ara.cat] Què hi ha de cert en el fet que l’estiu és la millor època per deixar el bolquer?
[Ara.cat] La pressió silenciosa de les famílies a l'estiu
[Ara.cat] Tenir un poble per a l’estiu
[Ara.cat] La vida és millor amb germans
[Ara.cat] "M'agradaria fer una copa de vi amb Pedro Sánchez o Guardiola"
[Ara.cat] Els 4 Gats: “Hem tornat a l’essència de la cuina catalana i d’aquí no ens mourem”
[Ara.cat] Tres germans que reivindiquen la cuina més autèntica de Sitges
[Ara.cat] El celler català que combat els incendis forestals amb vi
[Ara.cat] “El meu pare va morir quan jo tenia 14 anys, i aleshores em vaig adonar que la meva mare era la que més treballava”
[Ara.cat] Vicenç Riera Llorca i l'exili català a la República Dominicana
[Ara.cat] La paradoxa de disposar d'una fortuna immensa i no poder-la utilitzar
[Ara.cat] Clementina Arderiu, una poeta a contrallum
[Ara.cat] "Creiem que eduquem els fills quan, en realitat, els fills et reeduquen"
[Ara.cat] El repte pioner d'explicar la història de Catalunya des de la mirada de les dones
[Ara.cat] Dièsel i de més de deu anys: el mercat dels cotxes de segona mà no para de créixer a Catalunya
[Ara.cat] El comentari racista de Rajoy sobre la selecció francesa: "Té una plantilla d'altíssim nivell. Això sí, sense francesos"
[Ara.cat] L'amnistia, en una fase decisiva i clau
[Ara.cat] El jutge del cas Leire imputa l'excap de gabinet de Sánchez al PSOE i autoritza que s'analitzi el seu mòbil
[Ara.cat] La retirada del candidat demòcrata a Maine per acusacions d'agressió sexual condensa tots els mals del partit
[Ara.cat] L'Audiència Nacional investigarà dos alts comandaments d'Israel per l'assalt a la Flotilla Global Sumud
[Ara.cat] Els Estats Units i l'Iran continuen negociant malgrat l'últim intercanvi d'atacs
[Ara.cat] L'impacte dels incendis
[Ara.cat] Illa afirma que l'àrea metropolitana de Barcelona té avui una "independència hídrica" del 33%
[Ara.cat] Apollo ofereix 6.600 milions per EasyJet i supera la proposta de Castlelake
[Ara.cat] Els joves demanen 91 M€ dels 100 M€ del Govern per comprar el primer habitatge
[Ara.cat] The Black Crowes honoren el rock'n'roll al Cruïlla
[Ara.cat] Més que nostàlgia: la Filmoteca connecta 50 anys de dones cineastes i lluita col·lectiva
[Ara.cat] Tràiler de la sèrie 'La ciència de l'art'
[Ara.cat] La solució estava a la banqueta
[Ara.cat] L'evangelisme ha acabat amb l'alegria del futbol brasiler?
[Ara.cat] Una bona comèdia per notar menys la calor
[Ara.cat] De cop, dos documentals sobre ETA
[Ara.cat] El problema de Prisa amb les tertúlies
[Ara.cat] Zendaya, deessa de blanc de la mà del dissenyador que s'inspira en Gaudí
[Ara.cat] Els Rolling Stones treuen la llengua amb drons
[Ara.cat] El príncep Enric perd el macrojudici contra el 'Daily Mail' i veu rebutjades les acusacions d'espionatge il·legal
[Ara.cat] Quina relació hi ha entre embaràs i Alzheimer?
[Ara.cat] L'Alzheimer no es comporta igual amb les dones que amb els homes
[RAC1] Avui arrenca la tercera onada de calor de l'estiu
[RAC1] Estabilitzat l'incendi forestal a Camarasa que ha obligat a confinar els veïns de Fontllonga i a tallar la C-13
[RAC1] L'alcalde de Bédar, sobre els morts a l'incendi d'Almeria: "Els pocs que es van quedar a casa s'han salvat"
[RAC1] Els Bombers, sobre fugir en cotxe: "El més probable és que et posis a tu i a la teva família en una situació de més risc"
[RAC1] L'Argentina de Messi elimina Suïssa en una pròrroga vibrant i s'enfrontarà a Anglaterra a les semifinals del Mundial
[RAC1] Troben mort un jugador de Sud-àfrica pocs dies després de jugar el Mundial
[RAC1] Lamine desafia França abans de la semifinal : "Si algú ha de tenir por d'algú, són ells de nosaltres"
[RAC1] Els mestres convoquen vaga per al primer dia de curs: "No començarà amb normalitat"
[RAC1] Mor un home ofegat en una platja de Cambrils divendres a la nit
[RAC1] Álvaro Arasa, geòleg, sobre la regressió de les platges: "Una actuació global al litoral català tampoc es pot fer perquè parlem de 280 quilòmetres, sense comptar penya-segats o similars"
[RAC1] Detenen un home a Pamplona per una violació a una dona de matinada durant els Sanfermines
[RAC1] Els lloguers de Barcelona són massa cars per entrar en l'ajut de subvenció jove del Govern: més de la meitat són rebutjats per aquest motiu
[RAC1] Lisandra Quesada, psicòloga: "Si un nen no vol fer un petó a un familiar o conegut, l'irrespectuós és obligar-lo"
[RAC1] Ángela Moreno, nutricionista: "Hi ha aliments que són més difícils de pair, com l'all, la ceba, els llegums o els aliments molt rics en greixos i sucres"
[RAC1] Mare d'una filla agressiva amb els pares: "Era una bomba de rellotgeria que no sabíem com tractar"
[RAC1] Dara, guanyadora d'Eurovisió 2026: "Si Espanya no va al festival, seré jo qui vagi a Espanya"
[RAC1] Mireia Carbó ens porta idees i consells per fer un bon vermut
[RAC1] Cuiners a més de 40 graus: "Ens han de matar d'una manera o altra, acabarem tots cuits"
[RAC1] Merino porta Espanya a les semifinals
[RAC1] Mor una jove de 17 anys a França atropellada pel camió on s'havia enfilat durant les celebracions de la victòria de la selecció contra el Marroc al Mundial
[RAC1] Diego Schwarzstein, l'endocrinòleg que va tractar Messi: ''Als 10 anys era vistosament bo i baixet, el vam fer créixer el que genèticament li corresponia''
[RAC1] Ja és oficial: Alexia Putellas fitxa pel London City Lionesses després de tancar la seva històrica etapa al Barça
[RAC1] El vídeo dels Agents Rurals per demostrar la facilitat amb què sorgeixen els focs: "Una serra radial pot provocar un incendi en segons"
[RAC1] Dues famílies viuen un malson a casa per culpa d'una plaga de ratpenats: "Ens diuen que hem de dormir en una altra habitació o marxar de casa"
[RAC1] Els Mossos reconeixen i detenen dos lladres que havien robat una cadena d'or al metro de Barcelona quatre dies abans, un dels quals havia fugit per les vies
[RAC1] El jurat popular declara culpable el conductor acusat de matar una ciclista a la carretera dels Àngels anant begut
[RAC1] La traïdoria del foc
[RAC1] Vols que te l'aparqui jo?
[RAC1] Keith Diaz, cardiòleg: ''40 dies sedentaris produeixen al cor canvis típics de dècades d'envelliment, el problema no és saltar-te un entrenament''
[RAC1] Adolescent internada per addicció a les xarxes: "Pujava coses que no havia de pujar; els 'm'agrada' eren adrenalina"
[RAC1] "Igual que ningú desenvolupa un bíceps sense entrenar-lo, és impossible estimular adequadament determinades funcions cerebrals i no obtenir canvis"
[RAC1] Psicòloga: “Si et despertes a la matinada pensant en els problemes, no és perquè n’hagi aparegut un de nou, sinó perquè el teu cervell porta temps en alerta”
[RAC1] Nutricionista: “El cos demana sucre quan està esgotat, però dinar no és sempre la solució; el conductor necessita parar, caminar, hidratar-se o dormir”
[RAC1] Després de perdre l'embrió en quatre embarassos, va ser mare amb reproducció assistida: "Em van mostrar com m'introduïen l'embrió, preciós!"
[RAC1] Francesc Burjachs, paleoclimatòleg: "Som a les portes d'una nova era glacial"
[RAC1] Una alumna d’una escola d’aviació sobreviu al suïcidi del seu instructor en ple vol
[RAC1] Eva Sánchez, veterinària: "Els gats no expressen la calor com els gossos o les persones; a l'estiu cal aprendre a llegir els seus senyals"
[RAC1] Hernán Gil, l'últim supervivent dels terratrèmols a Veneçuela: "Tot estava fosc, però vaig començar a sentir passos i cops des de dalt"
[RAC1] Rafa Nadal: ''El meu pare va construir des de zero l'empresa de vidre més gran de les Balears, la seva dedicació ha estat una inspiració''
[RAC1] Mor la cantant britànica Bonnie Tyler als 75 anys
[RAC1] Mónica Naranjo: "Ens estem perdent el més important de la vida, qualsevol conversa que tenim és per parlar com d'enfadats estem"
[RAC1] Joan Pera, actor, 77 anys: "Quan m'aixeco, em prenc la pastilla i les vitamines, i necessito dormir una mica havent dinat; si no, no serveixo per a res"
[RAC1] La Fúmiga canta l'estiu de RAC1 amb una adaptació de 'Ja dormiré'
[La Vanguardia (en català)] Manual de resistència a la Guàrdia Civil
[La Vanguardia (en català)] Les mans invisibles
[La Vanguardia (en català)] De l’“Espanya ens roba” a l’amenaça del “califat”
[La Vanguardia (en català)] Sánchez decidirà el calendari del final de mandat passat el parèntesi de l’agost
[La Vanguardia (en català)] Una evacuada pel foc a Los Gallardos: “Si s'ha cremat la meva casa, ho hauré perdut tot”
[La Vanguardia (en català)] La veu que va posar esperança al dolor a Almeria: “El millor era quan em donaven les gràcies”
[La Vanguardia (en català)] Carències en l'emergència i un urbanisme caòtic van agreujar els riscos en la tragèdia d'Almeria
[La Vanguardia (en català)] L’estratègia de la grolleria
[La Vanguardia (en català)] Argüello fa perquè pot
[La Vanguardia (en català)] Beneït silenci
[La Vanguardia (en català)] ‘Traduttore, traditore’
[La Vanguardia (en català)] Parlem del prepuci
[La Vanguardia (en català)] Penques i càncer
[La Vanguardia (en català)] Una nova Europa per a una nova situació mundial
[La Vanguardia (en català)] Percepcions i resignació
[La Vanguardia (en català)] El Mundial
[La Vanguardia (en català)] Anthony Hopkins publicarà el primer disc com a compositor de música clàssica
[La Vanguardia (en català)] “Soc més feliç que quan era jove”
[La Vanguardia (en català)] El tapís de Bayeux arriba per primer cop en gairebé mil anys al Regne Unit
[La Vanguardia (en català)] Crònica d’una suor anunciada
[La Vanguardia (en català)] David Byrne i Black Crowes firmen una carta d’amor a la música
[La Vanguardia (en català)] Barcelona supera el nivell d’alerta per ozó, amb crítiques de “passivitat” al Govern
[La Vanguardia (en català)] Madrid i Catalunya, les que gasten menys per habitant en polítiques socials
[La Vanguardia (en català)] Espanya, amb Felip VI al capdavant, es bolca a Almería
[La Vanguardia (en català)] El confinament és la prioritat davant l’evacuació, remarquen els experts
[La Vanguardia (en català)] Los Gallardos: la poca vegetació no se salva del foc
[La Vanguardia (en català)] El Barça, un quintet i un solar
[La Vanguardia (en català)] Merlier, com el bon vi, brinda a Bordeus i reclama el seu tron
[La Vanguardia (en català)] L’animalada més grossa de Pogacar
[La Vanguardia (en català)] El Barça fitxa Adeyemi
[La Vanguardia (en català)] Goleja com un 9, juga de 10
[La Vanguardia (en català)] L’encreuament dels ‘quarterbacks’
[La Vanguardia (en català)] “Estaran preocupats ells” Lamine Yamal Luis de la Fuente Mikel Merino
[La Vanguardia (en català)] Merino mereix un Oscar
[La Vanguardia (en català)] Cubarsí l’intrèpid
[La Vanguardia (en català)] El Govern reivindica el seu pla antiincendis, però admet un dèficit de gestió forestal
[La Vanguardia (en català)] La Diputació crea un planter d’interventors per a pobles petits
[La Vanguardia (en català)] Collboni parteix com a favorit un any abans de les urnes amb ERC a rebuf
[La Vanguardia (en català)] Cuerpo anirà a Ucraïna amb 47 empreses per impulsar la reconstrucció
[La Vanguardia (en català)] Les vendes de Volkswagen cauen i s’enfonsa a la Xina, pendent de l’ajust
[La Vanguardia (en català)] Els interins cobraran indemnització per abús de temporalitat encara que ja siguin fixos
[La Vanguardia (en català)] Hisenda remet a les autonomies el nousistema de finançament i s’obre a negociar
[La Vanguardia (en català)] El 6% dels habitatges comprats a Catalunya es revenen abans dels dos anys
[La Vanguardia (en català)] La princesa Leonor dona un emocionat adeu a la seva etapa de formació en les Forces Armades
[La Vanguardia (en català)] El jutge imputa l’excap de gabinet de Sánchez al PSOE
[La Vanguardia (en català)] El vincle secret entre l’exministra i el comissari
[La Vanguardia (en català)] L’Audiència Nacional torna a investigar Cospedal i els seus vincles amb Villarejo
[La Vanguardia (en català)] L’Església catalana es desmarca de les paraules d’Argüello: “Parlen per si soles”
[La Vanguardia (en català)] El Govern central acusa el cap dels bisbes de fer partidisme polític amb el PP i Vox
[La Vanguardia (en català)] Quan la terra crema, una dona pren la paraula
[La Vanguardia (en català)] Trump desmantella la comissió que ajuda a garantir les eleccions
[La Vanguardia (en català)] Rússia inclou a la llista d’‘agents estrangers’ l’opositor Borís Nadejdin
[La Vanguardia (en català)] Israel, a punt per reprendre la guerra amb l’Iran “en qualsevol moment”
[La Vanguardia (en català)] El combat judicial dona vots
[La Vanguardia (en català)] Tràgic incendi en un estiu crític
[La Vanguardia (en català)] Aprendre de les tragèdies
[La Vanguardia (en català)] Espanya, l’Estat de la UE on ha crescut més la pressió fiscal l’última dècada
[La Vanguardia (en català)] Le Pen puja en les enquestes després de la seva condemna i la seva candidatura a l'Elisi
[La Vanguardia (en català)] La diplomàcia en iot de l'ambaixador de Trump
[La Vanguardia (en català)] Què tornarà abans: Puigdemont o les urnes?
[La Vanguardia (en català)] Espanya canvia la seva història
[La Vanguardia (en català)] Lleó XIV: conciliació; Argüello: “Banda de lladres!”
[La Vanguardia (en català)] Preocupació al Regne Unit per un mínim de quatre britànics morts
[La Vanguardia (en català)] La fugida de les flames a l’incendi forestal d’Almeria acaba en tragèdia
[La Vanguardia (en català)] La genialitat de Dalí arrecera Ferran Adrià i Albert Serra
[La Vanguardia (en català)] Juana Dolores: “Jo no faig art, faig propaganda”
[La Vanguardia (en català)] Distància literària i vida explicada
[La Vanguardia (en català)] I Trump ens va perdonar la vermella
[La Vanguardia (en català)] Castigats per masclistes
[La Vanguardia (en català)] AP-7, perill en augment
[La Vanguardia (en català)] Els presidents de les pistoles d’or
[La Vanguardia (en català)] Què cal fer amb el ‘terrible’ Trump?
[La Vanguardia (en català)] Espanya 2041
[La Vanguardia (en català)] Aire condicionat
[La Vanguardia (en català)] Tigres de paper letals
[La Vanguardia (en català)] ‘Qui hi ha’, un espectacle de màgia i terror a la Fundació Brossa
[La Vanguardia (en català)] Una tercera part dels conductors agafen el volant sota els efectes de medicaments
[La Vanguardia (en català)] El Rei insta els becats de la Fundació La Caixa a contribuir al progrés d’Espanya
[La Vanguardia (en català)] No estem preparats per al que ve
[La Vanguardia (en català)] Una carta, un gol i un partit més
[La Vanguardia (en català)] França, poder absolutista
[La Vanguardia (en català)] “Compte amb Bèlgica, la situació és com la del 1986”
[La Vanguardia (en català)] Esborrar un record
[La Vanguardia (en català)] El kamikaze del Poblenou vivia a França i no tenia carnet de conduir
[La Vanguardia (en català)] Els llums d’autor arribaran aquest Nadal al passeig Maragall i la rambla Prim
[La Vanguardia (en català)] Els bombers alerten del risc prolongat i acumulatiu d’incendis
[La Vanguardia (en català)] L’Audiència obre judici contra el BBVA i el seu expresident pel cas Villarejo
[La Vanguardia (en català)] Intranquil·litat residencial
[La Vanguardia (en català)] L’envelliment converteix les baixes laborals en un problema estructural
[La Vanguardia (en català)] Després de Bonilla
[VilaWeb] El tifó Bavi obliga a evacuar gairebé dos milions de persones i causa greus afectacions a l’est de la Xina
[VilaWeb] Niubó veu constructives les trobades amb la comunitat educativa i confia a rebaixar el malestar el curs vinent
[VilaWeb] Qalibaf adverteix els Estats Units que haurà de “pagar el preu” si incompleix el pacte marítim
[VilaWeb] Les portades del diumenge 12 de juliol de 2026
[VilaWeb] L’Iran torna a tancar Ormuz i amenaça les bases dels Estats Units al Pèrsic
[VilaWeb] “La gent està morta de por”: Israel deixa els seus propis cristians a la mercè de l’extremisme jueu
[VilaWeb] Jordi Borja: una mort que és lliçó de vida
[VilaWeb] Els mossos del 8 d’agost, a judici. I la fiscalia, què?
[VilaWeb] Un mes per a l’eclipsi solar total del 12 d’agost: guia completa d’on, quan i com veure’l
[VilaWeb] Closcadelletra (DXVIII): Les noces del verb i de la carn
[VilaWeb] Fragment: ‘La memòria de la terra’, de diversos autors
[VilaWeb] Montse Molla: “Les administracions han vist l’agricultura familiar com una molèstia que cal esborrar”
[VilaWeb] Roger Español: “Això no s’acabarà amb el meu judici”
[VilaWeb] Destarotar ximples
[VilaWeb] Els tres llocs especials de Salt per a Ingrid Guardiola
[VilaWeb] Benvinguts a l’islam feminista
[VilaWeb] Tornen a enfilar-se els termòmetres acompanyats de xafogor i pols en suspensió del Sàhara
[VilaWeb] Protesta a Palma contra el Pacte Europeu de Migració i Asil
[VilaWeb] Un incendi en una planta de reciclatge d’Aielo de Malferit obliga a activar la situació 0 del pla d’emergències
[VilaWeb] Descarten un cas de febre hemorràgica Crimea-Congo a l’Hospital Clínic de Barcelona després de donar negatiu
[VilaWeb] El govern activa el pla de pobles amb una inversió de 400 milions d’euros que vol transformar el món rural de cara al 2030
[VilaWeb] Estabilitzat l’incendi de Camarasa, que ha danyat gairebé 22 hectàrees i ha entrat a l’espai natural protegit de l’Aiguabarreig Segre-Noguera Pallaresa
[VilaWeb] L’Assemblea Educativa de Catalunya acorda d’anar a la vaga el primer dia de curs: “No començarà amb normalitat”
[VilaWeb] Ha mort a vint-i-cinc anys Jayden Adams, futbolista sud-africà que ha jugat al Mundial
[324.cat] L'incendi a Los Gallardos, amb perspectiva "favorable": permeten a 600 evacuats tornar a casa
[324.cat] Un tanatori, refugi provisional per a una setantena d'evacuats pel foc de Los Gallardos
[324.cat] Estabilitzat l'incendi a Camarasa que ha obligat a confinar el nucli de Fontllonga
[324.cat] Torre Pacheco, un any després: sense conflicte, però sense solucions polítiques
[324.cat] La investigació de la "cacera d'immigrants" de Torre Pacheco: un grup ultra, en el punt de mira
[324.cat] Cuba, fi de cicle: apagades, èxode, deteriorament dels serveis públics i esgotament d'un model
[324.cat] El risc d'incendi torna a créixer, amb 72 municipis en nivell 4 aquest diumenge: consulta la llista
[324.cat] Els bombers reclamen millores laborals: "La vocació no pot passar per sobre de la nostra salut"
[324.cat] Un golàs de Julián Álvarez a la pròrroga rescata l'Argentina davant de Suïssa (3-1)
[324.cat] Un doblet de Bellingham tomba els vikings i envia Anglaterra a semifinals (1-2)
[324.cat] Un got que viatja de concert en concert: llums i ombres del sistema de reutilització
[324.cat] 10 anys de La Manada, la violació grupal que va sacsejar la manera d'entendre les violències sexuals
[324.cat] Un repàs de 250 anys d'història de la música dels Estats Units, de la mà de Bruce Springsteen
[324.cat] L'Assemblea Educativa acorda fer vaga el 8 de setembre, el primer dia de curs
[324.cat] Notes de tall 2026: consulta el cercador amb tots els graus i universitats
[324.cat] El govern impulsa el Pla de Pobles per rehabilitar espais públics i edificis dels municipis més petits
[324.cat] Un any de l'Estatut dels Municipis Rurals: què ha canviat i què continua pendent?
[324.cat] El peatge a l'AP-7 és l'única solució per alleugerir el col·lapse de la via?
[324.cat] Sumar no troba el camí: 3 direccions en 3 anys i un futur electoral per definir
[324.cat] "Els Faura": Uns Bridgerton a la catalana que triomfa entre els joves... i no tan joves
[324.cat] La carta portolana de Pere Rossell, la Gioconda de Mallorca, torna a l'illa
[324.cat] La tercera onada de calor a França altera el Tour i fa tancar abans la torre Eiffel i el Louvre
[324.cat] Descobreixen una nova espècie gegant de dinosaure de coll llarg a Tailàndia de fa 150 milions d'anys
[324.cat] El Junquito, un dels pobles oblidats després del terratrèmol de Veneçuela: "Estem abandonats"
[324.cat] Alliberen una quarantena d'alumnes i sis professors segrestats fa dos mesos a Nigèria
[324.cat] Count Binface, l'home de llauna que s'enfronta al britànic Nigel Farage a les urnes
[El Nacional.cat] Pedri, entre els responsables que Gavi no torni a tenir minuts en aquest Mundial
[El Nacional.cat] Per què l'incendi d'Almeria va ser tan devastador? Les claus que expliquen la tragèdia
[El Nacional.cat] La polèmica del Mundial: Anglaterra elimina Noruega gràcies al xip de la Trionda
[El Nacional.cat] Un expert en fiscalitat explica si has de triar un pla de pensions o un fons d'inversió
[El Nacional.cat] Portades de drama i desesperació
[El Nacional.cat] Eduardo Meneses, interiorista: "El teu saló no et relaxa, t'estressa; i és per aquests tres motius"
[El Nacional.cat] Luis de la Fuente, ara sí, es posa seriós i demana trencar negociacions amb el Barça
[El Nacional.cat] L'Argentina necessita la pròrroga per derrotar Suïssa (3-1) i tornar a les semifinals del Mundial
[El Nacional.cat] Acord tancat perquè el Barça, ara sí, vengui el jugador que tant demana Hansi Flick
[El Nacional.cat] Estabilitzat l'incendi de Camarasa després de creuar la C-13 i obligar a confinar Fontllonga
[El Nacional.cat] Niubó reivindica la voluntat de diàleg des de totes les parts, tot i l'avís de noves mobilitzacions
[El Nacional.cat] Com transformar unes sobres de pollastre en un menjar completament diferent
[El Nacional.cat] La fórmula màgica per netejar el tendal de casa: el truc d'una experta en neteja que et facilitarà la feina
[El Nacional.cat] Una nit històrica d'alta cuina: un quatre mans de triestrellats
[El Nacional.cat] Cinc rutes de senderisme a Barcelona fàcils: pocs quilòmetres i paisatges espectaculars
[El Nacional.cat] Campuzano i Álvaro: "ERC mai ha tingut vocació de complementar el PSOE ni articular les esquerres estatals"
[El Nacional.cat] Sudoku 3352
[El Nacional.cat] La Resistència, un escape room per despertar l'esperit crític dels alumnes sobre la Segona Guerra Mundial
[El Nacional.cat] Els flequers expliquen que mai hauries de tallar el pa quan està recent fet i sortit del forn
[El Nacional.cat] La tècnica senzilla que fa que unes verdures semblin d'un restaurant
[El Nacional.cat] I, tanmateix, la remor persisteix
[El Nacional.cat] Els millors restaurants de Catalunya: així són els guanyadors dels Premis La Gourmeteria
[El Nacional.cat] La ciutat dels EUA que atreu milions de turistes per una sola pizza
[El Nacional.cat] Esvoranc tràgic: un obrer va morir el 1962 a Sant Gervasi a tocar de l'actual zona zero
[El Nacional.cat] "Va ser un error": penediment i autocrítica compartida sobre la defunció de Convergència 10 anys després
[El Nacional.cat] Pérez Royo: "Puigdemont pot tornar el mateix dia que el TJUE avali l'amnistia"
[El Nacional.cat] El preu de les crispetes
[El Nacional.cat] Aliança Catalana, la marca blanca de Vox
[El Nacional.cat] Corrupció i democràcia
[El Nacional.cat] Què van fer els anglesos per exterminar la llengua gaèlica a Escòcia?
[El Nacional.cat] Portar una marededeu a la cartera
[El Nacional.cat] La dignitat de la dutxa
[El Nacional.cat] Noruega - Anglaterra del Mundial 2026, DIRECTE | Resultat, resum i gols
[El Nacional.cat] Bellingham lidera una polèmica victòria d'Anglaterra contra Noruega (1-2) als quarts del Mundial 2026
[El Nacional.cat] Mor Berta del Peu Gran, mare de Carlemany i arquitecta del país carolingi català
[El Nacional.cat] La monarquia espanyola continua sota mínims a Catalunya
[El Nacional.cat] Creus que el curs vinent serà igual de convuls en l'educació?
[El Nacional.cat] Així descriu Óscar Puente a Rajoy per la seva columna per l'Espanya-Bèlgica: "Totxo postfranquista corrupte"
[El Nacional.cat] El Barça està molt a prop de fitxar Bisiwu, la perla belga que enamora el club
[El Nacional.cat] Els bombers frenen l'avenç de l'incendi d'Almeria i Bolaños afirma que les previsions són "favorables"
[El Nacional.cat] Sumar tria nova direcció i s'obre a "aliances conjunturals" amb forces independentistes en resposta a Rufián
[El Nacional.cat] Donen per controlat l'incendi de la Catalunya Nord, que ha cremat 5.000 hectàrees
[El Nacional.cat] Invasió de calitja i pols sahariana a Catalunya: tornen la xafogor extrema i les nits tropicals
[El Nacional.cat] Uns 200 manifestants es concentren a Figueres per denunciar el "còctel de projectes" projectat a l'Empordà
[El Nacional.cat] Tim Merlier repeteix exhibició a Brageirac i confirma el seu domini a l'esprint del Tour
[El Nacional.cat] Marc Márquez es passeja a l'esprint de Sachsenring i Àlex Márquez completa un nou doblet històric
[El Nacional.cat] Mor Jayden Adams, futbolista de Sud-àfrica que acabava de jugar el Mundial, a 25 anys
[El Nacional.cat] Feijóo s'espolsa les crítiques pels comentaris sobre la llei de nets i l'absentisme laboral: "Tant me fa"
[El Nacional.cat] Preu de la llum d'avui, diumenge 12 de juliol, per hores: quan és més barat engegar la rentadora?
[El Nacional.cat] Els docents acorden anar a la vaga el primer dia del curs vinent: "No començarem amb normalitat"
[El Nacional.cat] Nous AirPods d'Apple: possible data de llançament i tot el que sabem
[El Nacional.cat] Junqueras valora el CEO: "Hem aconseguit demostrar que sóm útils"
[El Nacional.cat] Jordi Pujol es retroba amb els vells gegants de Convergència
[El Nacional.cat] El temps d'avui a Catalunya: Previsió meteorològica
[El Nacional.cat] Estabilitzat l'incendi de Mont-roig del Camp: s'aixequen els confinaments a les zones afectades
[El Nacional.cat] Estat del trànsit a Catalunya en temps real: carreteres tallades, incidències i retencions
[El Nacional.cat] La treva de la calor redueix a 57 els municipis en risc extrem d'incendi
[El Nacional.cat] El Pla de Pobles, en marxa: 400 milions per transformar el món rural fins al 2030
[El Nacional.cat] Després de la proposta de Luis Enrique, Gavi espera una reunió amb Hansi Flick i Deco
[El Nacional.cat] Els desapareguts a l'incendi d'Almeria: la Guàrdia Civil té per ara set denúncies
[El Nacional.cat] Ferran Torres negocia amb un dels grans rivals del Barça: principi d'acord i 50 milions
[El Nacional.cat] Aquest Opel pràctic a preu contingut convenç els qui busquen un cotxe urbà i no un altre SUV
[El Nacional.cat] Simeone confirma els dos jugadors del Barça que sí vol a canvi de la sortida de Julián Álvarez
[El Nacional.cat] Hansi Flick demana que tanquin el millor de l'Argentina abans que acabi el Mundial o la Premier se l'emporti
[El Nacional.cat] La Seguretat Social ho confirma: cinc anys de cotització 'regalats' a les dones amb fills
[El Nacional.cat] Detonen al Port de la Selva un projectil d'aviació francès trobat a tres metres de profunditat
[El Nacional.cat] Adrian Newey, el primer a suplicar a Fernando Alonso, una segona oportunitat el 2027
[El Nacional.cat] Freedom Fuel: la benzina barata que Trump promociona i ningú sap qui paga
[El Nacional.cat] Els psicòlegs expliquen per què els jubilats sempre miren pel balcó o les obres del barri
[El Nacional.cat] Hansi Flick demana que, pel bé del vestidor, el venguin o el regalin com més aviat millor
[El Nacional.cat] Aquest Toyota no és barat, però molts compradors el trien perquè gairebé mai falla
[El Nacional.cat] Després de frustrar la seva arribada al Reial Madrid, és l'elegit del Barça per succeir Flick
[El Nacional.cat] Els interioristes coincideixen: una taula rodona no sempre estalvia més espai que una rectangular
[El Nacional.cat] Gairebé ningú hi pensa, però els asteroides podrien haver fet possible la vida a la Terra
[El Nacional.cat] El Regne Unit aguanta la respiració per les possibles víctimes britàniques de l'incendi d'Almeria
[El Nacional.cat] Amb l'últim fitxatge del PSG, Luis Enrique desbloqueja les negociacions amb el Barça
[El Nacional.cat] Jorge Rey, expert en clima: "Al juliol podem esperar els pitjors dies de calor"
[El Nacional.cat] Ni Bastoni ni Schlotterbeck: Hansi Flick demana al Barça tancar el millor del món, el que vol el PSG
[El Nacional.cat] Els agents de viatges ho confirmen: aquest poble de Catalunya a 1.230 metres és el refugi ideal per calorosos
[El Nacional.cat] Un economista ho confirma: "Hi ha tres solucions per salvar les pensions, però cap agradarà"
[El Nacional.cat] Portades de dol
[El Nacional.cat] Arde Bogotá es destapa al Cruïlla en una nit de rock, jazz i talent català
[El Nacional.cat] David García, agent de viatges: "Hi ha una zona anomenada la Toscana Espanyola, ideal per a visitar a l'estiu"
[El Nacional.cat] Ha estat la revelació del Mundial, el nou Pedri que volen el Barça i el Reial Madrid, però va al Liverpool
[El Nacional.cat] El hooliganisme espanyol al Mundial no té rival a les portades esportives
[El Nacional.cat] L'esperada decisió del TJUE sobre l'amnistia aterrarà en una Espanya on s'ha girat la truita
[El Nacional.cat] 'La primera llei de Newton': riure mentre la consciència fa hores extres
[El Nacional.cat] Quan buscar parella també crema: el desgast silenciós de les aplicacions per lligar
[El Nacional.cat] Així és menja al guardonat per La Gourmeteria com a millor restaurant revelació 2026
[El Nacional.cat] Bea Talegón | Repàs setmanal
[El Nacional.cat] Aeroport 'low cost', turisme massiu
[El Nacional.cat] El negoci de la pau
[El Mon.cat] El paper dels tribunals espanyols amb l’amnistia després del TJUE
[El Mon.cat] Les imputacions de l’entorn de Sánchez que estrenyen cada dia més el cercle al voltant del PSOE
[El Mon.cat] Seleccions de desterrats
[El Mon.cat] Catalunya ingovernable
[El Mon.cat] “Hi havia molt d’amor, en aquella sala”
[El Mon.cat] Frederic J. Porta: “El Procés és el fracàs de la generació boomer”
[El Mon.cat] Pànic en ple vol: es trenca la finestra d’un avió de Ryanair i deixa un passatger amb el cap fora
[El Mon.cat] El cas Andic obre un intens debat jurídic sobre el valor dels indicis
[El Mon.cat] Roberto Leal revela el sorprenent motiu pel qual s’ha casat quatre vegades
[El Mon.cat Societat] Pànic en ple vol: es trenca la finestra d’un avió de Ryanair i deixa un passatger amb el cap fora
[El Mon.cat Societat] El cas Andic obre un intens debat jurídic sobre el valor dels indicis
[El Mon.cat Societat] El castellà escombra el català per dirigir-se a un forà a Catalunya
[El Mon.cat Societat] Absolts els dos acusats de violar un menor tutelat per la DGAIA
[El Mon.cat Societat] La Intersindical porta els Mossos al jutjat per les infiltracions en les assemblees de docents
[Betevé] CGT i CCOO demanen canvis d’organització i horaris per fer front a la calor extrema
[Betevé] Arriba la tercera onada de calor de l’estiu amb més xafogor i pols del Sàhara a Barcelona
[Betevé] La Regata Puig Vela Clàssica reuneix 45 vaixells mítics: de la família Kennedy al grup Duran Duran
[Betevé] Nit xafogosa en espera d’un diumenge, 12 de juliol, enterbolit per la pols del Sàhara
[Betevé] betevé notícies migdia
[Betevé] El Cruïlla tanca l’edició amb 73.000 assistents, 9.000 menys que l’any anterior
[Betevé] La sala gran gran del Liceu es transforma amb una instal·lació inflable de color taronja
[Betevé] Descartat el cas sospitós de febre hemorràgica de Crimea-Congo: el pacient ha donat negatiu
[Betevé] La CUP fa el primer pas per impulsar una candidatura àmplia per a les municipals 2027 a Barcelona
[Betevé] L’Assemblea Educativa acorda fer vaga el 8 de setembre: “El curs no començarà amb normalitat”
[Betevé] Tall de trànsit al carrer de Balmes en la recta final de les obres
[Betevé] La línia V29 amplia el recorregut els caps de setmana d’estiu per incrementar-ne la capacitat
[Betevé] Cau un grup especialitzat en el robatori de motos a Barcelona i l’àrea metropolitana
[Betevé] Plantilla de l’Espanyol 2026-27: el nou equip de Sara Monforte
[Betevé] Plantilla de la UE Sant Andreu 2026-27: jugadors amb contracte, baixes i renovacions
[El Punt Avui] Argentina i Anglaterra completen les semifinals del mundial
[El Punt Avui] Una rivalitat creixent
[El Punt Avui] Doble doblet familiar de Marc i Àlex a Sachsenring
[El Punt Avui] “El Sabadell està en el seu millor moment a nivell social”
[El Punt Avui] La CUP impulsa una candidatura àmplia per a les municipals de Barcelona
[El Punt Avui] Acord tancat: Adeyemi serà blaugrana
[El Punt Avui] Les 24 h de Barcelona, en marxa
[El Punt Avui] Pel Sindicat de Llogateres, la llei nova ha d’abastar tot el mercat tensat
[Segre] Illa anuncia un pla de 100 milions a l’any per a inversions als pobles
[Segre] Un accident atrapa desenes de cotxes a la carretera N-240 de Lleida a Tarragona
[Segre] Un foc crema 21,8 hectàrees a Camarasa i obliga a confinar el nucli de Fontllonga
[Segre] Setze granges de Lleida produeixen prop del 75 per cent de la llet de tota la província
[Segre] Una ferreteria centenària de l’Eix comercial de Lleida tanca per jubilació
[Segre] Tercera onada de calor, que avisen que encara podria ser més intensa
[Segre] Joves que desenterren la història al Castell Formós de Balaguer
[Segre] L’Agència Tributària ingressa deu milions més cada mes a la província de Lleida
[Segre] Marc Márquez lidera la Pràctica a Sachsenring
[Segre] Dotze morts i 23 desapareguts en un terrible incendi forestal a Almeria
[Segre] El foc trunca l’inici del Paupaterres de Tàrrega
[Segre] La Transsegre es reinventa amb un correbars aquàtic
[Segre] Evacuades 200 persones del CAP de Balaguer per olor de fum
[Segre] El nou finançament preveu 4.686 milions més a l’any per a Catalunya
[Segre] La selecció passa a semifinals!
[Segre] La mare de la víctima trobada al riu: “Vaig denunciar-ne quatre vegades la desaparició”
[Segre] Hisenda reclama mil euros a quads agrícoles al considerar-los vehicles d’esbarjo i denuncien “afany recaptatori
[Segre] L’antiga Iesso ressorgeix sota terra: “Hem detectat moviment d'edificis i façanes de cases per fer carrers més amples”
[Segre] De 50 anys i veïna de Lleida: Identifiquen la dona trobada sense vida al riu Segre després de difondre un retrat fet amb IA
[Segre] Els Bombers treballen en un incendi de vegetació agrícola i forestal en Camarasa
[Segre] Aire... i milions per als pobles
[Segre] Reus-León-Astorga
[Segre] A Lleida, sentiments compartits
[Segre] L’informe més fiable de l’any
[Segre] Promocionar sense avaluar el lideratge és un risc silenciós
[Segre] Oriol Yuguero, gerent dels Hospitals Arnau de Vilanova i Santa Maria: «Arnau i Santa Maria han de ser un únic parc sanitari»
[Segre] Les diligències obertes per tinença d’armes es tripliquen en un any a les comarques de Lleida
[Segre] Una ‘guerra comercial’ causa retards en l’expedició de títols acadèmics en centres educatius
[Segre] Recullen 180 firmes per demanar que els nous vials no afectin habitatges
[Segre] Albert Velasco: “El MNAC no entregarà les pintures dins del termini; si ho fa, aniré a l’infern”
[Segre] La Transsegre encara flota
[Segre] Carnaval en ple estiu a Cervera
[Segre] Rescaten un mastí i el seu cadell a Alàs
[Segre] El PSC guanyaria a Barcelona província, ERC a Tarragona i AC a Girona i Lleida, segons dades del CEO
[Segre] El Paupaterres de Tàrrega es reactiva amb força
[Segre] El segle llarg de Josep Vallverdú: l'escriptor compleix avui 103 anys de vida
[Segre] Illa demana prudència i seguir les recomanacions davant de la nova onada de calor i possibles incendis
[Segre] L’Infoca passarà a "treballar en atac" l’incendi de Los Gallardos d’Almeria, que afecta 6.600 hectàrees
[Segre] Josep Francesca Brescó
[Segre] Elogi de la fragilitat
[Segre] El viatge de tota una vida
[Segre] “Ankara Messi”
[Segre] La veu
[Segre] Entre Jocs i Mundials
[Segre] L’orgull que alimenta el talent
[Segre] El Castelló B paga i deixa l’Atlètic Lleida a Tercera RFEF
[Segre] Bany de masses blau: El Lleida CF inicia la seua nova etapa acompanyat per mig miler d’aficionats
[Segre] Folguera i Llanes, a la prellista per al Mundial d'hoquei patins
[Segre] “No esperava que el Llista em truqués per tornar”
[Segre] Cancel·len una prova a Tremp per l’onada de calor: “és una zona que està en alerta taronja per temperatures extremes”
[Segre] Imitacions al Mundial
[Segre] Descobrint una estrella
[Segre] El moment Chenoa
[Segre] Un error esmenable?
[Segre] L’ocàs de la ‘ruta del bakalao’
[Segre] El final de la utopia de Cuba, al programa ‘30 minuts’ de 3Cat
[Segre] Més de 30 preses amb risc per a poblacions de Lleida no disposen de plans d’emergència
[Segre] Joves d’Aitona ideen millores per al poble
[Segre] Alins forja un homenatge a les falles
[Segre] La Pobla incorpora 5 joves en pràctiques com a reforç
[Segre] Cassibrós beurà de tres fonts
[Segre] Tremp inicia la renovació de la xarxa d’aigua amb una inversió de 336.380 €
[Segre] El Festival Embogeix continua als Torms i als Omellons després de l'èxit de la inauguració a Bovera
[Segre] Maria Rosa Baró Monné
[Segre] Manel Portero Otín
[Segre] La senyoraDolors González Ferrando
[Segre] Manuel Portero Otín
[Segre] Josep Mestres Asamara
[Segre] Un veí de Mequinensa mor en un accident
[Segre] El més mortífer d’aquest segle a l’Estat després del de Guadalajara del 2005
[Segre] La Franja viu el segon incendi catastròfic en tot just dos setmanes: “La causa és la calor i 3 mesos sense pluja”
[Segre] El TSJC rebutja restituir el comissari condemnat per assetjament sexual
[Segre] Els masovers de la granja arrasada a la Segarra on van morir 800 porcs: “Costarà molt reconstruir-la”
[Cugat.cat] Sant Cugat es prepara per a una nova onada de calor encara més intensa després d’assolir els 40 graus
[Cugat.cat] El mite “expat” de Sant Cugat
[Cugat.cat] El nou SantCu de Lluís Macià jugarà al grup 1 de Primera Catalana
[Cugat.cat] Silvia Manzana tanca una de les botigues de Sant Cugat per expandir-se
[Cugat.cat] Sant Cugat busca inversions i aliances empresarials a la Xina
[Cugat.cat] Impulsen una campanya per aturar l'”extermini” de senglars per la pesta porcina africana
[Cugat.cat] Quan Sant Cugat deixa de semblar Sant Cugat
[Cugat.cat] L’Ateneu Popular, al pregó de la Festa Major: “Que Sant Cugat miri d’una vegada per totes cap a la Floresta”
[Cugat.cat] Aragonès i Illa defensen a Sant Cugat una Generalitat “inclusiva” per governar “tot el poble català”
[Cugat.cat] Eduard Jener repassa la temporada 25-26 al Molta Comèdia
[Tot Barcelona] Amistat sota el temporal, l’anècdota que resol el misteri de la postal del 1910
[Tot Barcelona] L’ús d’antioxidants podria millorar la qualitat dels ovòcits immadurs en fecundació in vitro
[Tot Barcelona] LALIGA registra el creixement comercial més gran de les cinc grans lligues
[Tot Barcelona] El PSC resisteix al Baròmetre municipal, però Alamany supera Collboni
[Tot Barcelona] Méteo | Cap de setmana de treva diürna i nits tropicals a Barcelona
[Tot Barcelona] El carilló del Palau de la Generalitat torna a posar banda sonora a les nits d’estiu de Barcelona
[Tot Barcelona] Pugna entre Collboni i Junts pel nomenament del nou síndic al juliol
[Lleida Diari] Aparatós accident a l’N-240: dos ferits greus i nou persones ateses
[Lleida Diari] Restriccions en diversos espais naturals catalans pel risc extrem d’incendi
[Lleida Diari] Les vacances també són objectiu dels ciberdelinqüents: alerta amb les reserves
[Lleida Diari] Pànic en una piscina catalana: un núvol tòxic deixa 17 ferits
[Lleida Diari] Talarn es prepara per a tres nits de música amb un cartell de luxe
[Lleida Diari] Ara mateix: Els Bombers activen un gran dispositiu per un incendi a l’abocador de Tàrrega
[Lleida Diari] Ja és oficial: la Transsegre anul·la les baixades de barques
[Lleida Diari] Mor un temporer mentre treballava al camp en plena onada de calor
[El Temps] Darío Moreno: «L'objectiu de Sagunt és continuar atraient inversió»
[El Temps] La 'Lletra de convit', primera passa per fer el Diccionari Alcover-Moll
[El Temps] Vi: l'arrencada com a mal menor
[El Temps] Gemma Pasqual: «Jo faig literatura feminista, però no femenina»
[El Temps] Vicente Mompó, entre l’ombra de la dana i l’ambició al PPCV
[El Temps] La Llibreria de la UV, un referent en la difusió del coneixement i la cultura
[El Temps] Tots — excepte Vox— contra Aena per l'aeroport d'Eivissa
[El Temps] Biar, porta meridional del Regne de València
[El Temps] Isabel Olesti: «D'escriure la novel·la, m’ha agradat parlar de la meva mare quan era nena»
[El Temps] Esquerra Democràtica i la batalla pel centre catalanista dins d'ERC
[El Temps] Opinió - Raül Garay : El tabú dels Països Catalans
[Àpunt] El curt 'Polígon X' del lleonés Néstor López guanya el Festival de Cinema de l'Alfàs del Pi
[Àpunt] Comença el compte arrere per a l'eclipsi solar del 12 d'agost
[Àpunt] 11.07.2026 | Els últims '90 Minuts'
[Àpunt] El año de las luces
[Àpunt] 11.07.2026 | Punt a punt | Segona Part
[Àpunt] Espanya firma un doblet històric als Europeus sub 19
[Àpunt] 11.07.2026 | Informatiu nit | L'oratge
[Àpunt] 11.07.2026 | Informatiu nit
[Àpunt] Queda extingit l'incendi forestal de Soneja després de cremar 183 hectàrees
[Àpunt] L'incendi de Los Gallardos deixa d'avançar i oferix una perspectiva favorable per a estabilitzar-lo
[Àpunt] Pérez Llorca anuncia que el pròxim any baixarà impostos i reforçarà el servici de les ITV valencianes
[Àpunt] Mor un home a Paterna després de caure-li un mur mentre treballava
[Àpunt] 11.07.2026 | Punt a punt | Primera Part
[Àpunt] 11.07.2026 | Pretemporada | Levante UD - Leganés
[Àpunt] 11.07.2026 | La música dels vestidors
[Àpunt] 11.07.2026 | El Mundial À Punt
[Àpunt] 11.07.2026 | Els protagonistes del futbol més nostre
[Àpunt] Un incendi crema una planta de reciclatge a Aielo de Malferit
[Àpunt] Més humitat, més núvols i avisos per tempestes
[Àpunt] La Xina evacua 1,7 milions de persones pel tifó Bavi
[Àpunt] Iker Lecuona aconseguix la seua primera victòria en superbikes
[Àpunt] Azuébar una setmana després de l'incendi: tornada progressiva a la normalitat
[Àpunt] Mor un futbolista sud-africà després de jugar el Mundial
[Àpunt] Els transportistes honren el seu patró, sant Cristòfor, amb una cavalcada per València
[Àpunt] Una nova edició de rècord a la Costa Blanca Cup
[Àpunt] Paula Badosa torna a guanyar un títol dos anys després
[Àpunt] 11.07.2026 | Informatiu migdia | L'oratge
[Àpunt] 11.07.2026 | Les notícies de migdia cap de setmana
[Àpunt] La classificació d'Espanya ompli carrers, places i festivals de futbol a la Comunitat Valenciana
[Àpunt] L'habitatge, clau per a atraure nous veïns als pobles en despoblament
[Àpunt] Així vam viure la victòria d'Espanya contra Bèlgica
[Àpunt] La calor reduïx un 10% la producció de xufa i el sector reclama ajudes
[Àpunt] Les penyes valencianistes tindran una seu al nou Mestalla
[Àpunt] Moviment Sumar crida a construir una esquerra més àmplia, responsable "i amb altura de mires" enfront dels tecnooligarques
[Àpunt] Què cal fer si un incendi ens sorprén a la muntanya o a casa?
[Àpunt] Cecília Arnau, la jove violinista de Tavernes que conquista Europa
[Àpunt] Benidorm celebra seixanta anys del mític Cable Ski
[Àpunt] Investiguen la mort violenta d'un home en una vivenda de Torrevieja
[El Periòdic d'Ontinyent] Burjassot reprén al setembre els Tallers de Convivència i Dependència per a majors de 60 anys
[El Periòdic d'Ontinyent] València impulsa una nova edició dels Bons Comerç i crea una campanya especial per a Pérez Galdós-Giorgeta
[El Periòdic d'Ontinyent] Albal inicia el tríduum en honor a Santa Anna dins de les Festes Patronals 2026
[El Periòdic d'Ontinyent] La Fira de Juliol ompli València de música, pólvora i tradició en el seu segon cap de setmana
[El Periòdic d'Ontinyent] Protecció Civil de Torrent celebra 44 anys amb una memòria de 2025 marcada per la DANA
[El Periòdic d'Ontinyent] València impulsa la transformació del Veles e Vents en un gran pol tecnològic, gastronòmic i de congressos
[El Periòdic d'Ontinyent] L’Eliana celebra la 53 edició dels Jocs Esportius del 18 al 31 de juliol
[El Periòdic d'Ontinyent] Paiporta obri piscines temporals d’estiu com a refugi climàtic davant la calor
[El Periòdic d'Ontinyent] La Generalitat supera els 3.800 senglars retirats en 2026 amb el reforç del dispositiu de control
[El Periòdic d'Ontinyent] València avança en la tramitació urbanística del nou centre de salut de Penya-roja
[Saó] Quan ja no hi cap ni una agulla
[Saó] ‘Jahvè sabaoth’ i la cosmogonia bíblica (2)
[Saó] L’Albufera, entre la memòria i el futur: l’IVAM revisita un paisatge que també explica qui som
[Saó] La Coral Borrianenca impulsa la creació musical amb el III Concurs de Composició de Música Coral en Valencià
[Saó] Auxili posa banda sonora a l’estiu amb «Tarrinetes al sol»
[Saó] InformeCAT 2026: Una llengua en «emergència» davant l’ofensiva jurídica i política
[Saó] Estampes en transició: l’art gràfic de la Transició arriba a Gandia de la mà de la col·lecció Martínez Guerricabeitia
[Saó] Espígol Fest celebra cinc anys convertint Herbers en un referent del cinema rural
[Saó] AVETID reconeix l’Acadèmia Valenciana de la Llengua i diverses trajectòries destacades en els Premis 2026
[IB3 Notícies] RESUM IB3 NOTÍCIES CAP DE SETMANA VESPRE 11/07/2026
[IB3 Notícies] 1.200 persones es preparen per a l’eclipsi al Lluís Vives
[IB3 Notícies] Empren dues tones de clovelles a Petra per Santa Praxedis
[IB3 Notícies] Els conflictes a l’Orient Mitjà han convertit les Illes en destinació segura
[IB3 Notícies] El Temps Migdia 10-07-2026
[IB3 Notícies] El Temps Migdia 11-07-2026
[IB3 Notícies] El Temps Vespre 10-07-2026
[IB3 Notícies] Arriben tres noves embarcacions irregulars amb 43 migrants a les Illes
[IB3 Notícies] La Fira del Llibre Menorquí de Maó aplega una vintena d’escriptors illencs
[IB3 Notícies] Una operació antidroga a Manacor acaba amb deu detinguts
[IB3 Notícies] Detengut un home per agredir sanitaris a Sant Antoni
[IB3 Notícies] RESUM IB3 NOTÍCIES CAP DE SETMANA MIGDIA 11/07/2026
[IB3 Notícies] Amb l’aigua més calenta arriben a Menorca peixos tropicals
[Ara Balears] Els informes que reconstrueixen la societat que el franquisme va destruir a les Balears
[Ara Balears] El trasllat de residus d’Eivissa: detalls d’una operació de 24 milions d’euros
[Ara Balears] ‘Souvenirs’ locals, el darrer crit de resistència illenca
[Ara Balears] “El model privatitzat d’Aena no és el meu”
[Ara Balears] Així es va preparar el cop d'estat que va canviar la història de Mallorca
[Ara Balears] Marta Sánchez encapçala el desè Orgullosament Inca
[Ara Balears] La història del català, dins una pera
[Ara Balears] "No hauria volgut anar al Batxillerat d'Excel·lència"
[Ara Balears] Agressió a personal sanitari a Sant Antoni: peguen una coça a una metgessa i escupen a una infermera
[Ara Balears] No és el manual d'acció directa: és la violència que fa anys que acceptam sense protestar
[Ara Balears] Vint anys de foc i sembrar el mal: la història dels dimonis d'Eivissa
[Ara Balears] Mor un home ofegat a la piscina d'un hotel a Eivissa
[Ara Balears] Fullana a Bellver
[Ara Balears] Tres anys governant per a la gent d’aquí
[Ara Balears] L'Encruia
[Ara Balears] L'estudiant que ha tret millor nota de la PAU a les Balears: “Mai no he suspès”
[Ara Balears] Juana Dolores Romero: "Estic a favor dels discursos d'odi"
[Ara Balears] Una coca al descobert
[Ara Balears] El camí de Baix de Son Bunyola, una vella i històrica via
[Ara Balears] Quina relació hi ha entre embaràs i Alzheimer?
[Ara Balears] El paisatge és qui habita la casa
[Ara Balears] Deu detinguts en un cop contra el narcotràfic a Manacor
[Ara Balears] Activat l'avís groc per alta temperatura a Mallorca, Eivissa i Formentera
[Ara Balears] "La família russa que ocupa casa nostra porta una vida modèlica"
[Ara Balears] "Si Europa vol ser un actor de pau i una potència econòmica, necessita els veïns del sud"
[Ara Balears] Els treballadors d’Alemanya, França o Dinamarca assisteixen menys al seu lloc de treball que els espanyols
[Ara Balears] 11 concerts amb artistes internacionals centren la temporada 2026-27 de la Simfònica
[Ara Balears] Les coves del Drac celebren el 10è aniversari d'òpera solidària davall terra aquest dissabte
[Ara Balears] El Govern no veu motius per denunciar el manifest d'acció directa contra el turisme
[Ara Balears] Galmés "no comparteix" l'ús privat dels cotxes de Bestard, però el manté al càrrec
[Ara Balears] Bestard remarca que les tones de fems provinents d'Eivissa no són "merda"
[Ara Balears] Una família de sa Pobla assegura que l'antic cuidador ocupa la casa de la padrina: "Demana milers d'euros"
[Ara Balears] Binissalem registra la segona temperatura més alta de l'Estat amb 40 graus
[Ara Balears] "En aquell moment ja sabia que m'havia quedat tetraplègic"
[Ara Balears] Avaluar la realitat: una proposta contra la ficció educativa
[Ara Balears] Els docents de Menorca, Eivissa i Formentera podran jubilar-se a 70 anys
[Ara Balears] El Batxillerat d'Excel·lència omple a Palma, convenç a Eivissa i fracassa a Menorca
[Ara Balears] El municipi més barat per llogar una casa a les Balears... i no és el que et penses
[Ara Balears] "És la nostra llar": instal·len una pancarta a l'aeroport de Palma que demana als turistes que respectin l'illa
[Ara Balears] La reforma de l'EDAR II augmentarà la capacitat de depuració de Palma fins a 90.000 metres cúbics diaris
[Ara Balears] Per què Armengol ha decidit no disputar la presidència a Prohens
[Ara Balears] Això no va de platges plenes
[Ara Balears] El Trenc, excés de confiança de Prohens?
[Ara Balears] La Mallorca que resisteix entre carros, muls i bales de palla
[Ara Balears] "Em vestia amb la roba del meu germà per no cridar l'atenció"
[Ara Balears] Erik Truffaz, Antonio Lizana i China Moses encapçalen el Mallorca Jazz sa Pobla
[Manacor Comarcal] “Hem acordat una vaga de quatre dies en el sector del metall”
[Manacor Comarcal] «Els desesperats», per Jaume Rigo
[Via Empresa] Xavier Berneda (Munich): "O invertim en educació, o invertim en presons"
[Via Empresa] Qui no sap desconnectar, no sap delegar
[Via Empresa] Des de Manila: la guerra que ha impulsat la revolució solar
[Via Empresa] Píndola filosòfica: Tota la collita perduda, tota la vida cremada
[Via Empresa] 10 passos per internacionalitzar-se en un món incert
[Via Empresa] Enraonant amb Dionís Guiteras: "La població té una formació nul·la pel que fa als diners públics"
[Via Empresa] Laporta, part quatre
[Via Empresa] La nova Estació de Tractament d'Aigua Potable Estrella entra en funcionament
[Via Empresa] Marta Garcia Escandell, nova presidenta de la Fagem
[Via Empresa] La creació d'empreses baixa un 22,1% al maig a Catalunya
[Via Empresa] Sàmper i els alcaldes de Rubí, Matadepera i Terrassa, en els Premis Cambra 2026
[Via Empresa] Seat tanca el primer semestre amb 299.700 cotxes venuts, un 1% menys que l'any passat
